// Jest Snapshot v1, https://goo.gl/fbAQLP

exports[`GalleryCard component snapshot: dateAdded=12345 1`] = `
<SelectableBox
  className="card bg-white"
  key="props.img.externalUrl"
  style={
    Object {
      "padding": "10px 20px",
    }
  }
  type="radio"
>
  <div
    className="card-div d-flex flex-row flex-nowrap"
  >
    <div
      style={
        Object {
          "height": "100px",
          "margin": "16px 0 0 0",
          "position": "relative",
          "width": "200px",
        }
      }
    >
      <Image
        src="props.img.externalUrl"
        style={
          Object {
            "height": "100px",
            "width": "200px",
          }
        }
      />
    </div>
    <div
      className="card-text p-3"
    >
      <h3>
        props.img.displayName
      </h3>
      <p
        style={
          Object {
            "fontSize": "11px",
          }
        }
      >
        <FormattedMessage
          defaultMessage="Added {date} at {time}"
          description="File date-added string"
          id="authoring.selectionmodal.addedDate.label"
          values={
            Object {
              "date": <FormattedDate
                value={12345}
              />,
              "time": <FormattedTime
                value={12345}
              />,
            }
          }
        />
      </p>
    </div>
  </div>
</SelectableBox>
`;
