// Jest Snapshot v1, https://goo.gl/fbAQLP

exports[`ShowAnswerCard snapshot snapshot: show answer setting card 1`] = `
<CollapsibleCard
  className=""
  sections={
    Array [
      <React.Fragment>
        <div
          className="pb-2"
        >
          <span>
            <FormattedMessage
              defaultMessage="Define when learners can see the correct answer."
              description="Show Answer settings card text"
              id="authoring.problemeditor.settings.showAnswer.text"
            />
          </span>
        </div>
        <div
          className="pb-4"
        >
          <Hyperlink
            destination="SoMEeNDpOinT/settings/advanced/sOMEcouRseId"
            target="_blank"
          >
            <FormattedMessage
              defaultMessage="Set a default value in advanced settings"
              description="Advanced settings link text"
              id="authoring.problemeditor.settings.advancedSettingLink.text"
            />
          </Hyperlink>
        </div>
        <Form.Group
          className="pb-0 mb-0"
        >
          <Form.Control
            as="select"
            onChange={[MockFunction useAnswerSettings.handleShowAnswerChange]}
            value="after_attempts"
          >
            <option
              value="always"
            >
              Always
            </option>
            <option
              value="answered"
            >
              Answered
            </option>
            <option
              value="attempted"
            >
              Attempted or Past Due
            </option>
            <option
              value="closed"
            >
              Closed
            </option>
            <option
              value="finished"
            >
              Finished
            </option>
            <option
              value="correct_or_past_due"
            >
              Correct or Past Due
            </option>
            <option
              value="past_due"
            >
              Past Due
            </option>
            <option
              value="never"
            >
              Never
            </option>
            <option
              value="after_attempts"
            >
              After Some Number of Attempts
            </option>
            <option
              value="after_all_attempts"
            >
              After All Attempts
            </option>
            <option
              value="after_all_attempts_or_correct"
            >
              After All Attempts or Correct
            </option>
            <option
              value="attempted_no_past_due"
            >
              Attempted
            </option>
          </Form.Control>
        </Form.Group>
      </React.Fragment>,
      <React.Fragment>
        <div
          className="pb-3"
        >
          <span>
            <FormattedMessage
              defaultMessage="Provide an explanation for the correct answer."
              description="Solution Explanation text"
              id="authoring.problemeditor.settings.showAnswer.explanation.text"
            />
          </span>
        </div>
        <Form.Group
          className="pb-0"
        >
          <Form.Control
            floatingLabel="Explanation"
            value=""
          />
        </Form.Group>
      </React.Fragment>,
    ]
  }
  summary="After Some Number of Attempts"
  title="Show answer"
/>
`;
