// Jest Snapshot v1, https://goo.gl/fbAQLP

exports[`RawEditor renders as expected with default behavior 1`] = `
<div
  style={
    Object {
      "height": "600px",
      "padding": "10px 30px",
    }
  }
>
  <Alert
    variant="danger"
  >
    You are using the raw HTML editor.
  </Alert>
  <injectIntl(ShimmedIntlComponent)
    innerRef={
      Object {
        "current": Object {
          "value": "Ref Value",
        },
      }
    }
    value="eDiTablE Text"
  />
</div>
`;
